<html>
<body>
<pre>
<h1>µVision Build Log</h1>
<h2>Project:</h2>
C:\Users\grant\Documents\School\EE 445\Lab 1\ST7735.uvproj
Project File Date:  01/20/2018

<h2>Output:</h2>
Build target 'ST7735'
linking...
Program Size: Code=4112 RO-data=4324 RW-data=64 ZI-data=1024  
".\ST7735.axf" - 0 Error(s), 0 Warning(s).
Load "C:\\Users\\grant\\Documents\\School\\EE 445\\Lab 1\\ST7735.axf" 
Connecting: Mode=JTAG, Speed=1000000Hz
Erase Done.
Programming Done.
Verify OK.
l main multiply defined (by lab1.o and st7735testmain.o).
.\ST7735.axf: Error: L6200E: Symbol main4 multiply defined (by lab1.o and st7735testmain.o).
.\ST7735.axf: Error: L6200E: Symbol main5 multiply defined (by lab1.o and st7735testmain.o).
Not enough information to list image symbols.
Not enough information to list the image map.
Finished: 2 information, 0 warning and 5 error messages.
".\ST7735.axf" - 5 Error(s), 0 Warning(s).
Target not created
r: L6200E: Symbol main5 multiply defined (by lab1.o and st7735testmain.o).
Not enough information to list image symbols.
Not enough information to list the image map.
Finished: 2 information, 0 warning and 7 error messages.
".\ST7735.axf" - 7 Error(s), 0 Warning(s).
Target not created
