<html>
<body>
<pre>
<h1>µVision Build Log</h1>
<h2>Project:</h2>
C:\Users\grant\Documents\School\EE 445\lab 5\Lab 5.uvproj
Project File Date:  05/05/2015

<h2>Output:</h2>
Build target 'PeriodicTimer0AInts'
compiling PeriodicTimer0AInts.c...
linking...
Program Size: Code=1676 RO-data=32 RW-data=8 ZI-data=1120  
".\PeriodicTimer0AInts.axf" - 0 Error(s), 0 Warning(s).
(s), 0 Warning(s).
..
DAC.h(7): warning:  #1-D: last line of file ends without a newline
  #endif  // _DAC_H_
DAC.c: 1 warning, 0 errors
linking...
Program Size: Code=1484 RO-data=64 RW-data=8 ZI-data=1120  
".\PeriodicTimer0AInts.axf" - 0 Error(s), 2 Warning(s).
