<html>
<body>
<pre>
<h1>µVision Build Log</h1>
<h2>Project:</h2>
C:\Users\grant\Documents\School\EE 445\lab 5\Lab 5.uvproj
Project File Date:  02/21/2018

<h2>Output:</h2>
Build target 'PeriodicTimer0AInts'
compiling PeriodicTimer0AInts.c...
linking...
Program Size: Code=1856 RO-data=32 RW-data=17052 ZI-data=1124  
".\PeriodicTimer0AInts.axf" - 0 Error(s), 0 Warning(s).
or(s), 0 Warning(s).
iodicTimer0AInts.axf: Error: L6200E: Symbol I multiply defined (by music.o and periodictimer0aints.o).
Not enough information to list image symbols.
Not enough information to list the image map.
Finished: 2 information, 0 warning and 2 error messages.
".\PeriodicTimer0AInts.axf" - 2 Error(s), 0 Warning(s).
Target not created
dentifier "Play_Song" is undefined
    Play_Song = 0;
music.c: 0 warnings, 5 errors
".\PeriodicTimer0AInts.axf" - 6 Error(s), 0 Warning(s).
Target not created
 'PeriodicTimer0AInts'
Clean started: Project: 'Lab 5'
   deleting intermediate output files for target 'PeriodicTimer0AInts'
