<html>
<body>
<pre>
<h1>µVision Build Log</h1>
<h2>Project:</h2>
C:\Users\grant\Documents\School\EE 445L\Lab 4\Lab4.uvproj
Project File Date:  09/14/2016

<h2>Output:</h2>
Build target 'getWeather'
compiling main.c...
main.c(322): warning:  #177-D: variable "tempChar" was declared but never referenced
    char tempChar[10];
main.c: 1 warning, 0 errors
linking...
Program Size: Code=15108 RO-data=3828 RW-data=100 ZI-data=19524  
After Build - User command #1: fromelf --bin --output .\rvmdk\cc31000_starter.bin .\rvmdk\cc31000_starter.axf
".\rvmdk\getWeather.axf" - 0 Error(s), 1 Warning(s).
Load "C:\\Users\\grant\\Documents\\School\\EE 445L\\Lab 4\\rvmdk\\getWeather.axf" 
Connecting: Mode=JTAG, Speed=1000000Hz
Erase Done.
Programming Done.
Verify OK.
