<html>
<body>
<pre>
<h1>µVision Build Log</h1>
<h2>Project:</h2>
C:\Users\grant\Documents\School\EE 445\Lab 3\Lab 3.uvproj
Project File Date:  01/30/2018

<h2>Output:</h2>
Build target 'ADCSWTrigger'
compiling Menu.c...
linking...
Program Size: Code=8068 RO-data=20092 RW-data=344 ZI-data=1120  
".\ADCSWTrigger.axf" - 0 Error(s), 0 Warning(s).
Load "C:\\Users\\grant\\Documents\\School\\EE 445\\Lab 3\\ADCSWTrigger.axf" 
Connecting: Mode=JTAG, Speed=1000000Hz
Erase Done.
Programming Done.
Verify OK.
mming Done.
Verify OK.
.
ogramming Done.
Verify OK.

Load "C:\\Users\\grant\\Documents\\School\\EE 445\\Lab 3\\ADCSWTrigger.axf" 
Connecting: Mode=JTAG, Speed=1000000Hz
Erase Done.
Programming Done.
Verify OK.
 2 information, 0 warning and 4 error messages.
".\ADCSWTrigger.axf" - 4 Error(s), 0 Warning(s).
Target not created
rm.o).
Not enough information to list image symbols.
Not enough information to list the image map.
Finished: 2 information, 0 warning and 6 error messages.
".\ADCSWTrigger.axf" - 6 Error(s), 0 Warning(s).
Target not created
