<html>
<body>
<pre>
<h1>µVision Build Log</h1>
<h2>Project:</h2>
C:\Users\grant\Documents\School\EE 445\Lab 3\Lab 3.uvproj
Project File Date:  02/14/2018

<h2>Output:</h2>
Rebuild target 'ADCSWTrigger'
assembling startup.s...
compiling ADCTestMain.c...
compiling PLL.c...
compiling AnalogClock.c...
compiling DigitalClock.c...
compiling Menu.c...
compiling SetAlarm.c...
compiling SetClock.c...
compiling ST7735.c...
linking...
Program Size: Code=8068 RO-data=20092 RW-data=344 ZI-data=1120  
".\ADCSWTrigger.axf" - 0 Error(s), 0 Warning(s).
</pre>
</body>
</html>
