<html>
<body>
<pre>
<h1>µVision Build Log</h1>
<h2>Project:</h2>
C:\Users\grant\Documents\School\EE 445\Lab 2\Lab 2.uvproj
Project File Date:  01/30/2018

<h2>Output:</h2>
Build target 'ADCSWTrigger'
compiling ADCTestMain.c...
ADCTestMain.c(163): warning:  #177-D: variable "x" was declared but never referenced
      int x = vals[k];
ADCTestMain.c(164): warning:  #177-D: variable "y" was declared but never referenced
      int y = cnt[k];
ADCTestMain.c(188): warning:  #177-D: variable "min" was declared but never referenced
    int min = 0;                                                    // initializing the min variable where we will store the current min jitter
ADCTestMain.c(189): warning:  #177-D: variable "max" was declared but never referenced
    int max = 0;                                                    // initializing the max variable where we will store the current max jitter
ADCTestMain.c(190): warning:  #177-D: variable "jitter" was declared but never referenced
    int jitter;                                                     // variable for storing the final jitter value
ADCTestMain.c: 5 warnings, 0 errors
linking...
Program Size: Code=3808 RO-data=2052 RW-data=60 ZI-data=13116  
".\ADCSWTrigger.axf" - 0 Error(s), 5 Warning(s).
Load "C:\\Users\\grant\\Documents\\School\\EE 445\\Lab 2\\ADCSWTrigger.axf" 
Connecting: Mode=JTAG, Speed=1000000Hz
Erase Done.
Programming Done.
Verify OK.
</pre>
</body>
</html>
