<html>
<body>
<pre>
<h1>µVision Build Log</h1>
<h2>Project:</h2>
C:\Users\grant\Documents\School\EE 445\ValvanoWareTM4C123\ValvanoWareTM4C123\Flash_4C123\Flash.uvproj
Project File Date:  01/22/2018

<h2>Output:</h2>
Build target 'Flash'
compiling FlashTestMain.c...
linking...
Program Size: Code=2664 RO-data=32 RW-data=32 ZI-data=1120  
".\Flash.axf" - 0 Error(s), 0 Warning(s).
</pre>
</body>
</html>
ize: Code=2664 RO-data=32 RW-data=32 ZI-data=1120  
".\Flash.axf" - 0 Error(s), 0 Warning(s).
Load "C:\\Users\\grant\\Documents\\School\\EE 445\\ValvanoWareTM4C123\\ValvanoWareTM4C123\\Flash_4C123\\Flash.axf" 
Connecting: Mode=JTAG, Speed=1000000Hz
Connection failed!, error code=&d
Error: Flash Download failed  -  Target DLL has been cancelled
Load "C:\\Users\\grant\\Documents\\School\\EE 445\\ValvanoWareTM4C123\\ValvanoWareTM4C123\\Flash_4C123\\Flash.axf" 
Connecting: Mode=JTAG, Speed=1000000Hz
Connection failed!, error code=&d
Error: Flash Download failed  -  Target DLL has been cancelled
